RDD has dependencies, executing them first.
RDD has no dependencies, ready to execute.
Done materializing rdd 0x55dae2adf9b0
RDD has no dependencies, ready to execute.
Done materializing rdd 0x55dae2ae0080
one
